// Vitest Snapshot v1, https://vitest.dev/guide/snapshot.html

exports[`User Cards > matches DOM Snapshot 1`] = `
{
  "asFragment": [Function],
  "baseElement": <body>
    <div>
      <div
        class="fga25bv"
      >
        <div>
          <div
            class="f1lazpvh"
          >
            J
          </div>
        </div>
        <div
          class="fvqs59d"
        >
          <div
            class="f12igrzn"
          >
            John Doe
          </div>
          <div
            class="f3xul3h"
          >
            jdoe@email.com
          </div>
          <div
            class="f3xul3h"
          >
            0412345678
          </div>
        </div>
      </div>
    </div>
  </body>,
  "container": <div>
    <div
      class="fga25bv"
    >
      <div>
        <div
          class="f1lazpvh"
        >
          J
        </div>
      </div>
      <div
        class="fvqs59d"
      >
        <div
          class="f12igrzn"
        >
          John Doe
        </div>
        <div
          class="f3xul3h"
        >
          jdoe@email.com
        </div>
        <div
          class="f3xul3h"
        >
          0412345678
        </div>
      </div>
    </div>
  </div>,
  "debug": [Function],
  "findAllByAltText": [Function],
  "findAllByDisplayValue": [Function],
  "findAllByLabelText": [Function],
  "findAllByPlaceholderText": [Function],
  "findAllByRole": [Function],
  "findAllByTestId": [Function],
  "findAllByText": [Function],
  "findAllByTitle": [Function],
  "findByAltText": [Function],
  "findByDisplayValue": [Function],
  "findByLabelText": [Function],
  "findByPlaceholderText": [Function],
  "findByRole": [Function],
  "findByTestId": [Function],
  "findByText": [Function],
  "findByTitle": [Function],
  "getAllByAltText": [Function],
  "getAllByDisplayValue": [Function],
  "getAllByLabelText": [Function],
  "getAllByPlaceholderText": [Function],
  "getAllByRole": [Function],
  "getAllByTestId": [Function],
  "getAllByText": [Function],
  "getAllByTitle": [Function],
  "getByAltText": [Function],
  "getByDisplayValue": [Function],
  "getByLabelText": [Function],
  "getByPlaceholderText": [Function],
  "getByRole": [Function],
  "getByTestId": [Function],
  "getByText": [Function],
  "getByTitle": [Function],
  "queryAllByAltText": [Function],
  "queryAllByDisplayValue": [Function],
  "queryAllByLabelText": [Function],
  "queryAllByPlaceholderText": [Function],
  "queryAllByRole": [Function],
  "queryAllByTestId": [Function],
  "queryAllByText": [Function],
  "queryAllByTitle": [Function],
  "queryByAltText": [Function],
  "queryByDisplayValue": [Function],
  "queryByLabelText": [Function],
  "queryByPlaceholderText": [Function],
  "queryByRole": [Function],
  "queryByTestId": [Function],
  "queryByText": [Function],
  "queryByTitle": [Function],
  "rerender": [Function],
  "unmount": [Function],
}
`;
