// Vitest Snapshot v1, https://vitest.dev/guide/snapshot.html

exports[`Matches DOM Snapshot > Matches DOM Snapshot 1`] = `
{
  "asFragment": [Function],
  "baseElement": <body>
    <div>
      <div
        class="f9vbxna"
      >
        <div
          class="flg5ft8"
        >
          <p>
            Open from...
          </p>
          <div
            class="fk0ntar"
          >
            <div
              class="f110hs72"
            >
              <div
                class="ffvwc24"
              >
                <img
                  alt="MINUS"
                  src="/src/Components/Filter/PlusMinusButton/Assets/Minus.svg"
                />
              </div>
              <div
                class="f1sz7xol"
              >
                12am
              </div>
              <div
                class="f1g8elpx"
              >
                <img
                  alt="PLUS"
                  src="/src/Components/Filter/PlusMinusButton/Assets/Plus.svg"
                />
              </div>
            </div>
          </div>
        </div>
        <div
          class="flg5ft8"
        >
          <p>
            Until...
          </p>
          <div
            class="fk0ntar"
          >
            <div
              class="f110hs72"
            >
              <div
                class="ffvwc24"
              >
                <img
                  alt="MINUS"
                  src="/src/Components/Filter/PlusMinusButton/Assets/Minus.svg"
                />
              </div>
              <div
                class="f1sz7xol"
              >
                11pm
              </div>
              <div
                class="f1g8elpx"
              >
                <img
                  alt="PLUS"
                  src="/src/Components/Filter/PlusMinusButton/Assets/Plus.svg"
                />
              </div>
            </div>
          </div>
        </div>
      </div>
    </div>
  </body>,
  "container": <div>
    <div
      class="f9vbxna"
    >
      <div
        class="flg5ft8"
      >
        <p>
          Open from...
        </p>
        <div
          class="fk0ntar"
        >
          <div
            class="f110hs72"
          >
            <div
              class="ffvwc24"
            >
              <img
                alt="MINUS"
                src="/src/Components/Filter/PlusMinusButton/Assets/Minus.svg"
              />
            </div>
            <div
              class="f1sz7xol"
            >
              12am
            </div>
            <div
              class="f1g8elpx"
            >
              <img
                alt="PLUS"
                src="/src/Components/Filter/PlusMinusButton/Assets/Plus.svg"
              />
            </div>
          </div>
        </div>
      </div>
      <div
        class="flg5ft8"
      >
        <p>
          Until...
        </p>
        <div
          class="fk0ntar"
        >
          <div
            class="f110hs72"
          >
            <div
              class="ffvwc24"
            >
              <img
                alt="MINUS"
                src="/src/Components/Filter/PlusMinusButton/Assets/Minus.svg"
              />
            </div>
            <div
              class="f1sz7xol"
            >
              11pm
            </div>
            <div
              class="f1g8elpx"
            >
              <img
                alt="PLUS"
                src="/src/Components/Filter/PlusMinusButton/Assets/Plus.svg"
              />
            </div>
          </div>
        </div>
      </div>
    </div>
  </div>,
  "debug": [Function],
  "findAllByAltText": [Function],
  "findAllByDisplayValue": [Function],
  "findAllByLabelText": [Function],
  "findAllByPlaceholderText": [Function],
  "findAllByRole": [Function],
  "findAllByTestId": [Function],
  "findAllByText": [Function],
  "findAllByTitle": [Function],
  "findByAltText": [Function],
  "findByDisplayValue": [Function],
  "findByLabelText": [Function],
  "findByPlaceholderText": [Function],
  "findByRole": [Function],
  "findByTestId": [Function],
  "findByText": [Function],
  "findByTitle": [Function],
  "getAllByAltText": [Function],
  "getAllByDisplayValue": [Function],
  "getAllByLabelText": [Function],
  "getAllByPlaceholderText": [Function],
  "getAllByRole": [Function],
  "getAllByTestId": [Function],
  "getAllByText": [Function],
  "getAllByTitle": [Function],
  "getByAltText": [Function],
  "getByDisplayValue": [Function],
  "getByLabelText": [Function],
  "getByPlaceholderText": [Function],
  "getByRole": [Function],
  "getByTestId": [Function],
  "getByText": [Function],
  "getByTitle": [Function],
  "queryAllByAltText": [Function],
  "queryAllByDisplayValue": [Function],
  "queryAllByLabelText": [Function],
  "queryAllByPlaceholderText": [Function],
  "queryAllByRole": [Function],
  "queryAllByTestId": [Function],
  "queryAllByText": [Function],
  "queryAllByTitle": [Function],
  "queryByAltText": [Function],
  "queryByDisplayValue": [Function],
  "queryByLabelText": [Function],
  "queryByPlaceholderText": [Function],
  "queryByRole": [Function],
  "queryByTestId": [Function],
  "queryByText": [Function],
  "queryByTitle": [Function],
  "rerender": [Function],
  "unmount": [Function],
}
`;
