// Vitest Snapshot v1, https://vitest.dev/guide/snapshot.html

exports[`Matches DOM Snapshot > Matches DOM Snapshot 1`] = `
{
  "asFragment": [Function],
  "baseElement": <body>
    <div
      id="modal-root"
    >
      <div
        class="f1atpta9"
      >
        <h1>
          Add Address Details
        </h1>
        <div
          class="f2vhqpx"
        >
          <form>
            <div
              class="f1k1m9me"
            >
              <div
                class="f1vzetsa"
              >
                <p>
                  Address
                </p>
                <div
                  class="f1nym8no"
                >
                  <div
                    class=""
                  >
                    <input
                      data-testid="address"
                      name="address"
                      type="text"
                      value=""
                    />
                  </div>
                </div>
              </div>
            </div>
            <div
              class="f1k1m9me"
            >
              <div
                class="f1vzetsa"
              >
                <p>
                  Open on
                </p>
                <div
                  class="f1nym8no"
                >
                  <div
                    class="f1o2virz"
                  >
                    <div
                      class="f10rx374"
                      data-selected="false"
                    >
                      sun
                    </div>
                    <div
                      class="f10rx374"
                      data-selected="false"
                    >
                      mon
                    </div>
                    <div
                      class="f10rx374"
                      data-selected="false"
                    >
                      tue
                    </div>
                    <div
                      class="f10rx374"
                      data-selected="false"
                    >
                      wed
                    </div>
                    <div
                      class="f10rx374"
                      data-selected="false"
                    >
                      thu
                    </div>
                    <div
                      class="f10rx374"
                      data-selected="false"
                    >
                      fri
                    </div>
                    <div
                      class="f10rx374"
                      data-selected="false"
                    >
                      sat
                    </div>
                  </div>
                </div>
              </div>
            </div>
            <div
              class="f1vzetsa"
            >
              <p>
                Open from
              </p>
              <div
                class="f1nym8no"
              >
                <div
                  class="f723edx"
                >
                  <div
                    class="f2ey5g1"
                  >
                    <img
                      alt="MINUS"
                      src="/src/Components/Filter/PlusMinusButton/Assets/Minus.svg"
                    />
                  </div>
                  <div
                    class="f1sz7xol"
                  >
                    09
                    :
                    00
                  </div>
                  <div
                    class="f1fozamg"
                  >
                    <img
                      alt="PLUS"
                      src="/src/Components/Filter/PlusMinusButton/Assets/Plus.svg"
                    />
                  </div>
                </div>
              </div>
            </div>
            <div
              class="f1vzetsa"
            >
              <p>
                Open until
              </p>
              <div
                class="f1nym8no"
              >
                <div
                  class="f723edx"
                >
                  <div
                    class="f2ey5g1"
                  >
                    <img
                      alt="MINUS"
                      src="/src/Components/Filter/PlusMinusButton/Assets/Minus.svg"
                    />
                  </div>
                  <div
                    class="f1sz7xol"
                  >
                    17
                    :
                    00
                  </div>
                  <div
                    class="f1fozamg"
                  >
                    <img
                      alt="PLUS"
                      src="/src/Components/Filter/PlusMinusButton/Assets/Plus.svg"
                    />
                  </div>
                </div>
              </div>
            </div>
            <p>
              For address verification, our team will contact you within 48 hours to confirm your residency.
            </p>
            <div
              class="f1k1m9me"
            >
              <button
                type="submit"
              >
                Submit
              </button>
            </div>
          </form>
        </div>
        <a
          href="#"
        >
          Close
        </a>
      </div>
    </div>
    <div />
  </body>,
  "container": <div />,
  "debug": [Function],
  "findAllByAltText": [Function],
  "findAllByDisplayValue": [Function],
  "findAllByLabelText": [Function],
  "findAllByPlaceholderText": [Function],
  "findAllByRole": [Function],
  "findAllByTestId": [Function],
  "findAllByText": [Function],
  "findAllByTitle": [Function],
  "findByAltText": [Function],
  "findByDisplayValue": [Function],
  "findByLabelText": [Function],
  "findByPlaceholderText": [Function],
  "findByRole": [Function],
  "findByTestId": [Function],
  "findByText": [Function],
  "findByTitle": [Function],
  "getAllByAltText": [Function],
  "getAllByDisplayValue": [Function],
  "getAllByLabelText": [Function],
  "getAllByPlaceholderText": [Function],
  "getAllByRole": [Function],
  "getAllByTestId": [Function],
  "getAllByText": [Function],
  "getAllByTitle": [Function],
  "getByAltText": [Function],
  "getByDisplayValue": [Function],
  "getByLabelText": [Function],
  "getByPlaceholderText": [Function],
  "getByRole": [Function],
  "getByTestId": [Function],
  "getByText": [Function],
  "getByTitle": [Function],
  "queryAllByAltText": [Function],
  "queryAllByDisplayValue": [Function],
  "queryAllByLabelText": [Function],
  "queryAllByPlaceholderText": [Function],
  "queryAllByRole": [Function],
  "queryAllByTestId": [Function],
  "queryAllByText": [Function],
  "queryAllByTitle": [Function],
  "queryByAltText": [Function],
  "queryByDisplayValue": [Function],
  "queryByLabelText": [Function],
  "queryByPlaceholderText": [Function],
  "queryByRole": [Function],
  "queryByTestId": [Function],
  "queryByText": [Function],
  "queryByTitle": [Function],
  "rerender": [Function],
  "unmount": [Function],
}
`;
