// Vitest Snapshot v1, https://vitest.dev/guide/snapshot.html

exports[`Matches DOM Snapshot > Matches DOM Snapshot 1`] = `
{
  "asFragment": [Function],
  "baseElement": <body>
    <div>
      <div
        class="f1ur6vce"
      >
        <form>
          <div
            class="fidbxqg"
          >
            <input
              name="email"
              placeholder="Email"
              type="text"
            />
          </div>
          <div
            class="fidbxqg"
          >
            <input
              name="password"
              placeholder="Password"
              type="password"
            />
          </div>
          <div
            class="fidbxqg"
          >
            <label>
              <input
                role="checkbox"
                type="checkbox"
              />
              Remember me
            </label>
          </div>
          <div
            class="fidbxqg"
          >
            <button
              type="submit"
            >
              Login
            </button>
          </div>
        </form>
      </div>
    </div>
  </body>,
  "container": <div>
    <div
      class="f1ur6vce"
    >
      <form>
        <div
          class="fidbxqg"
        >
          <input
            name="email"
            placeholder="Email"
            type="text"
          />
        </div>
        <div
          class="fidbxqg"
        >
          <input
            name="password"
            placeholder="Password"
            type="password"
          />
        </div>
        <div
          class="fidbxqg"
        >
          <label>
            <input
              role="checkbox"
              type="checkbox"
            />
            Remember me
          </label>
        </div>
        <div
          class="fidbxqg"
        >
          <button
            type="submit"
          >
            Login
          </button>
        </div>
      </form>
    </div>
  </div>,
  "debug": [Function],
  "findAllByAltText": [Function],
  "findAllByDisplayValue": [Function],
  "findAllByLabelText": [Function],
  "findAllByPlaceholderText": [Function],
  "findAllByRole": [Function],
  "findAllByTestId": [Function],
  "findAllByText": [Function],
  "findAllByTitle": [Function],
  "findByAltText": [Function],
  "findByDisplayValue": [Function],
  "findByLabelText": [Function],
  "findByPlaceholderText": [Function],
  "findByRole": [Function],
  "findByTestId": [Function],
  "findByText": [Function],
  "findByTitle": [Function],
  "getAllByAltText": [Function],
  "getAllByDisplayValue": [Function],
  "getAllByLabelText": [Function],
  "getAllByPlaceholderText": [Function],
  "getAllByRole": [Function],
  "getAllByTestId": [Function],
  "getAllByText": [Function],
  "getAllByTitle": [Function],
  "getByAltText": [Function],
  "getByDisplayValue": [Function],
  "getByLabelText": [Function],
  "getByPlaceholderText": [Function],
  "getByRole": [Function],
  "getByTestId": [Function],
  "getByText": [Function],
  "getByTitle": [Function],
  "queryAllByAltText": [Function],
  "queryAllByDisplayValue": [Function],
  "queryAllByLabelText": [Function],
  "queryAllByPlaceholderText": [Function],
  "queryAllByRole": [Function],
  "queryAllByTestId": [Function],
  "queryAllByText": [Function],
  "queryAllByTitle": [Function],
  "queryByAltText": [Function],
  "queryByDisplayValue": [Function],
  "queryByLabelText": [Function],
  "queryByPlaceholderText": [Function],
  "queryByRole": [Function],
  "queryByTestId": [Function],
  "queryByText": [Function],
  "queryByTitle": [Function],
  "rerender": [Function],
  "unmount": [Function],
}
`;
